Traceback (most recent call last):
  File "/workspace/tn10-break-test-2026-09-25/scripts/blockfill.py", line 25, in <module>
    asyncio.run(main())
    ~~~~~~~~~~~^^^^^^^^
  File "/usr/lib/python3.13/asyncio/runners.py", line 195, in run
    return runner.run(main)
           ~~~~~~~~~~^^^^^^
  File "/usr/lib/python3.13/asyncio/runners.py", line 118, in run
    return self._loop.run_until_complete(task)
           ~~~~~~~~~~~~~~~~~~~~~~~~~~~~~^^^^^^
  File "/usr/lib/python3.13/asyncio/base_events.py", line 725, in run_until_complete
    return future.result()
           ~~~~~~~~~~~~~^^
  File "/workspace/tn10-break-test-2026-09-25/scripts/blockfill.py", line 17, in main
    dag = await call(ws, i, "getBlockDagInfo", {})
          ^^^^^^^^^^^^^^^^^^^^^^^^^^^^^^^^^^^^^^^^
  File "/workspace/tn10-break-test-2026-09-25/scripts/blockfill.py", line 7, in call
    await ws.send(json.dumps({"id": i, "method": m, "params": p}))
  File "/home/box/.local/lib/python3.13/site-packages/websockets/asyncio/connection.py", line 473, in send
    async with self.send_context():
               ~~~~~~~~~~~~~~~~~^^
  File "/usr/lib/python3.13/contextlib.py", line 214, in __aenter__
    return await anext(self.gen)
           ^^^^^^^^^^^^^^^^^^^^^
  File "/home/box/.local/lib/python3.13/site-packages/websockets/asyncio/connection.py", line 960, in send_context
    raise self.protocol.close_exc from original_exc
websockets.exceptions.ConnectionClosedError: no close frame received or sent
